cmake -S /Users/alpindale/repos/cursed-silly -B build
-- Configuring done (0.1s)
-- Generating done (0.0s)
-- Build files have been written to: /Users/alpindale/repos/cursed-silly/build
cmake --build build
[ 17%] Built target sillytui
[ 38%] Built target run_tests
[ 58%] Built target run_integration_tests
[ 59%] Building C object CMakeFiles/run_all_tests.dir/tests/test_struct_sizes.c.o
[ 60%] Linking C executable run_all_tests
[ 95%] Built target run_all_tests
[ 97%] Built target gen_unicode_tests
[ 99%] Built target gen_utf8_tests
[100%] Built target gen_pretokenize_tests

[1;35m╔══════════════════════════════════════════════════════╗[0m
[1;35m║    SillyTUI Comprehensive Test Suite  ║[0m
[1;35m╚══════════════════════════════════════════════════════╝[0m

[1;33m>>> Struct Size Safety <<<[0m

[1;34m=== Struct Size Safety ===[0m
  struct_size_custom_sampler                             CustomSampler: 12152 bytes (11.9 KB)
[32mPASS[0m
  struct_size_sampler_settings                           SamplerSettings: 3111120 bytes (2.97 MB)
[32mPASS[0m
  struct_size_chat_history                               ChatHistory: 24 bytes
[32mPASS[0m
  struct_size_persona                                    Persona: 131136 bytes (0.13 MB)
[32mPASS[0m
  struct_size_character_card                             CharacterCard: 240 bytes
[32mPASS[0m
  struct_size_modal                                      Modal: 3123304 bytes (2.98 MB)
[32mPASS[0m
  struct_size_combined_stack_usage                       Combined stack structs: 6365824 bytes (6.07 MB)
[31mFAIL[0m
    [31mAssertion failed: total < 4 * 1024 * 1024[0m

[1;33m>>> Unit Tests <<<[0m

[1;34m=== Chat History ===[0m
  history_init_sets_defaults                         [32mPASS[0m
  history_add_single_message                         [32mPASS[0m
  history_add_multiple_messages                      [32mPASS[0m
  history_get_out_of_bounds_returns_null             [32mPASS[0m
  history_update_message                             [32mPASS[0m
  history_update_out_of_bounds_noop                  [32mPASS[0m
  history_delete_message                             [32mPASS[0m
  history_delete_first_message                       [32mPASS[0m
  history_delete_last_message                        [32mPASS[0m
  history_delete_out_of_bounds                       [32mPASS[0m
  history_swipes_basic                               [32mPASS[0m
  history_set_active_swipe                           [32mPASS[0m
  history_set_active_swipe_invalid                   [32mPASS[0m
  history_get_swipe                                  [32mPASS[0m
  history_update_swipe                               [32mPASS[0m
  history_token_counts                               [32mPASS[0m
  history_gen_times                                  [32mPASS[0m
  history_output_tps                                 [32mPASS[0m
  history_free_null_safe                             [32mPASS[0m
  history_capacity_grows                             [32mPASS[0m

[1;34m=== Macro Substitution ===[0m
  macro_null_input                                   [32mPASS[0m
  macro_no_macros                                    [32mPASS[0m
  macro_char_lowercase                               [32mPASS[0m
  macro_char_titlecase                               [32mPASS[0m
  macro_char_uppercase                               [32mPASS[0m
  macro_user_lowercase                               [32mPASS[0m
  macro_user_titlecase                               [32mPASS[0m
  macro_user_uppercase                               [32mPASS[0m
  macro_legacy_user                                  [32mPASS[0m
  macro_legacy_bot                                   [32mPASS[0m
  macro_legacy_char                                  [32mPASS[0m
  macro_charIfNotGroup                               [32mPASS[0m
  macro_multiple_replacements                        [32mPASS[0m
  macro_null_char_name                               [32mPASS[0m
  macro_null_user_name                               [32mPASS[0m
  macro_empty_char_name                              [32mPASS[0m
  macro_adjacent_macros                              [32mPASS[0m
  macro_partial_macro_not_replaced                   [32mPASS[0m
  macro_long_names                                   [32mPASS[0m
  macro_empty_input                                  [32mPASS[0m
  macro_only_macro                                   [32mPASS[0m

[1;34m=== Configuration ===[0m
  api_type_name_valid                                [32mPASS[0m
  api_type_name_invalid                              [32mPASS[0m
  api_type_from_name_valid                           [32mPASS[0m
  api_type_from_name_case_insensitive                [32mPASS[0m
  api_type_from_name_invalid                         [32mPASS[0m
  config_add_model_basic                             [32mPASS[0m
  config_add_model_max_capacity                      [32mPASS[0m
  config_remove_model_basic                          [32mPASS[0m
  config_remove_model_first                          [32mPASS[0m
  config_remove_model_updates_active_index           [32mPASS[0m
  config_remove_model_clears_active_if_removed       [32mPASS[0m
  config_remove_model_invalid_index                  [32mPASS[0m
  config_get_active_valid                            [32mPASS[0m
  config_get_active_none_selected                    [32mPASS[0m
  config_get_active_invalid_index                    [32mPASS[0m
  config_set_active                                  [32mPASS[0m
  config_set_active_invalid_noop                     [32mPASS[0m

[1;34m=== Sampler Settings ===[0m
  sampler_init_defaults_temperature                  [32mPASS[0m
  sampler_init_defaults_top_p                        [32mPASS[0m
  sampler_init_defaults_top_k                        [32mPASS[0m
  sampler_init_defaults_min_p                        [32mPASS[0m
  sampler_init_defaults_penalties                    [32mPASS[0m
  sampler_init_defaults_typical_tfs                  [32mPASS[0m
  sampler_init_defaults_tokens                       [32mPASS[0m
  sampler_init_defaults_dynatemp                     [32mPASS[0m
  sampler_init_defaults_mirostat                     [32mPASS[0m
  sampler_init_defaults_dry                          [32mPASS[0m
  sampler_init_defaults_xtc                          [32mPASS[0m
  sampler_init_defaults_custom_count                 [32mPASS[0m
  sampler_add_custom_basic                           [32mPASS[0m
  sampler_add_custom_int                             [32mPASS[0m
  sampler_add_custom_string                          [32mPASS[0m
  sampler_add_custom_bool                            [32mPASS[0m
  sampler_add_custom_multiple                        [32mPASS[0m
  sampler_add_custom_max_capacity                    [32mPASS[0m
  sampler_remove_custom_basic                        [32mPASS[0m
  sampler_remove_custom_first                        [32mPASS[0m
  sampler_remove_custom_last                         [32mPASS[0m
  sampler_remove_custom_invalid                      [32mPASS[0m
  sampler_add_custom_default_step_float              [32mPASS[0m
  sampler_add_custom_default_step_int                [32mPASS[0m

[1;34m=== SIMD Utilities ===[0m
  simd_init_no_crash                                 [32mPASS[0m
  simd_hash_bytes_empty                              [32mPASS[0m
  simd_hash_bytes_short                              [32mPASS[0m
  simd_hash_bytes_deterministic                      [32mPASS[0m
  simd_hash_bytes_different_data                     [32mPASS[0m
  simd_hash_bytes_long                               [32mPASS[0m
  simd_find_non_ascii_all_ascii                      [32mPASS[0m
  simd_find_non_ascii_starts_with_non_ascii          [32mPASS[0m
  simd_find_non_ascii_mid_non_ascii                  [32mPASS[0m
  simd_find_non_ascii_empty                          [32mPASS[0m
  simd_is_all_ascii_true                             [32mPASS[0m
  simd_is_all_ascii_false                            [32mPASS[0m
  simd_is_all_ascii_empty                            [32mPASS[0m
  simd_count_utf8_chars_ascii                        [32mPASS[0m
  simd_count_utf8_chars_mixed                        [32mPASS[0m
  simd_count_utf8_chars_empty                        [32mPASS[0m
  simd_argmin_u32_basic                              [32mPASS[0m
  simd_argmin_u32_first                              [32mPASS[0m
  simd_argmin_u32_last                               [32mPASS[0m
  simd_argmin_u32_single                             [32mPASS[0m
  simd_match_ascii_letters_all_letters               [32mPASS[0m
  simd_match_ascii_letters_mixed                     [32mPASS[0m
  simd_match_ascii_letters_none                      [32mPASS[0m
  simd_match_ascii_letters_empty                     [32mPASS[0m
  simd_base64_decode_basic                           [32mPASS[0m
  simd_base64_decode_no_padding                      [32mPASS[0m
  simd_base64_decode_one_pad                         [32mPASS[0m
  simd_base64_decode_empty                           [32mPASS[0m

[1;34m=== Tokenizer Core ===[0m
  tokenizer_init_sets_defaults                       [32mPASS[0m
  tokenizer_free_null_safe                           [32mPASS[0m
  tokenizer_count_tokens_returns_negative_if_unloaded [32mPASS[0m
  unicode_is_letter_ascii                            [32mPASS[0m
  unicode_is_number_ascii                            [32mPASS[0m
  unicode_is_whitespace_basic                        [32mPASS[0m
  utf8_decode_ascii                                  [32mPASS[0m
  utf8_decode_2byte                                  [32mPASS[0m
  utf8_decode_3byte                                  [32mPASS[0m
  utf8_decode_4byte                                  [32mPASS[0m
  utf8_encode_ascii                                  [32mPASS[0m
  utf8_encode_2byte                                  [32mPASS[0m
  utf8_encode_3byte                                  [32mPASS[0m
  utf8_encode_4byte                                  [32mPASS[0m
  utf8_roundtrip                                     [32mPASS[0m
  pretokenize_cl100k_empty                           [32mPASS[0m
  pretokenize_cl100k_simple                          [32mPASS[0m
  pretokenize_cl100k_with_spaces                     [32mPASS[0m

[1;34m=== Modal State ===[0m
  modal_init_type_none                               [32mPASS[0m
  modal_init_win_null                                [32mPASS[0m
  modal_init_field_index_zero                        [32mPASS[0m
  modal_is_open_false_initially                      [32mPASS[0m
  modal_close_resets_type                            [32mPASS[0m
  modal_close_safe_on_null_win                       [32mPASS[0m
  modal_exit_dont_ask_default_false                  [32mPASS[0m
  modal_get_edit_msg_index_returns_stored            [32mPASS[0m
  modal_get_edit_content_returns_buffer              [32mPASS[0m
  modal_fields_initialized_empty                     [32mPASS[0m
  modal_field_cursor_initialized_zero                [32mPASS[0m
  modal_api_type_selection_default                   [32mPASS[0m
  modal_list_selection_initialized                   [32mPASS[0m
  modal_message_buffer_size                          [32mPASS[0m
  modal_edit_buffer_can_hold_content                 [32mPASS[0m
  modal_sampler_fields_initialized                   [32mPASS[0m

[1;33m>>> Generated Tests <<<[0m

[1;34m=== Unicode Generated Tests ===[0m
  unicode_letter_boundary_low                        [32mPASS[0m
  unicode_letter_boundary_high                       [32mPASS[0m
  unicode_letter_ranges_exhaustive                   [32mPASS[0m
  unicode_number_ascii_digits                        [32mPASS[0m
  unicode_number_superscripts                        [32mPASS[0m
  unicode_number_fractions                           [32mPASS[0m
  unicode_number_fullwidth                           [32mPASS[0m
  unicode_whitespace_ascii                           [32mPASS[0m
  unicode_whitespace_extended                        [32mPASS[0m
  unicode_whitespace_general_punctuation             [32mPASS[0m
  unicode_whitespace_line_separators                 [32mPASS[0m
  unicode_whitespace_special                         [32mPASS[0m
  unicode_whitespace_not_letters                     [32mPASS[0m
  unicode_non_bmp_letters                            [32mPASS[0m
  unicode_non_bmp_numbers                            [32mPASS[0m
  unicode_cjk_unified_ideographs                     [32mPASS[0m
  unicode_hiragana                                   [32mPASS[0m
  unicode_katakana                                   [32mPASS[0m
  unicode_hangul                                     [32mPASS[0m
  unicode_arabic_digits                              [32mPASS[0m
  unicode_devanagari_digits                          [32mPASS[0m
  unicode_thai_digits                                [32mPASS[0m

[1;34m=== UTF-8 Generated Tests ===[0m
  utf8_decode_empty_buffer                           [32mPASS[0m
  utf8_decode_all_ascii                              [32mPASS[0m
  utf8_decode_2byte_boundary_low                     [32mPASS[0m
  utf8_decode_2byte_boundary_high                    [32mPASS[0m
  utf8_decode_3byte_boundary_low                     [32mPASS[0m
  utf8_decode_3byte_boundary_high                    [32mPASS[0m
  utf8_decode_4byte_boundary_low                     [32mPASS[0m
  utf8_decode_4byte_boundary_high                    [32mPASS[0m
  utf8_decode_truncated_2byte                        [32mPASS[0m
  utf8_decode_truncated_3byte_1                      [32mPASS[0m
  utf8_decode_truncated_3byte_2                      [32mPASS[0m
  utf8_decode_truncated_4byte_1                      [32mPASS[0m
  utf8_decode_truncated_4byte_2                      [32mPASS[0m
  utf8_decode_truncated_4byte_3                      [32mPASS[0m
  utf8_encode_all_ascii                              [32mPASS[0m
  utf8_encode_2byte_boundary_low                     [32mPASS[0m
  utf8_encode_2byte_boundary_high                    [32mPASS[0m
  utf8_encode_3byte_boundary_low                     [32mPASS[0m
  utf8_encode_3byte_boundary_high                    [32mPASS[0m
  utf8_encode_4byte_boundary_low                     [32mPASS[0m
  utf8_encode_4byte_boundary_high                    [32mPASS[0m
  utf8_roundtrip_exhaustive_1byte                    [32mPASS[0m
  utf8_roundtrip_exhaustive_2byte                    [32mPASS[0m
  utf8_roundtrip_sample_3byte                        [32mPASS[0m
  utf8_roundtrip_sample_4byte                        [32mPASS[0m

[1;34m=== Pre-tokenize Generated Tests ===[0m
  pretokenize_0_empty_string                         [32mPASS[0m
  pretokenize_1_single_ascii_letter                  [32mPASS[0m
  pretokenize_2_single_uppercase_letter              [32mPASS[0m
  pretokenize_3_single_lowercase_z                   [32mPASS[0m
  pretokenize_4_single_digit                         [32mPASS[0m
  pretokenize_5_single_digit_9                       [32mPASS[0m
  pretokenize_6_single_space                         [32mPASS[0m
  pretokenize_7_single_tab                           [32mPASS[0m
  pretokenize_8_single_newline                       [32mPASS[0m
  pretokenize_9_single_carriage_return               [32mPASS[0m
  pretokenize_10_single_period                       [32mPASS[0m
  pretokenize_11_single_comma                        [32mPASS[0m
  pretokenize_12_single_exclamation                  [32mPASS[0m
  pretokenize_13_single_question                     [32mPASS[0m
  pretokenize_14_single_at_sign                      [32mPASS[0m
  pretokenize_15_single_hash                         [32mPASS[0m
  pretokenize_16_single_dollar                       [32mPASS[0m
  pretokenize_17_single_percent                      [32mPASS[0m
  pretokenize_18_simple_word                         [32mPASS[0m
  pretokenize_19_uppercase_word                      [32mPASS[0m
  pretokenize_20_mixed_case_word                     [32mPASS[0m
  pretokenize_21_word_with_trailing_numbers          [32mPASS[0m
  pretokenize_22_numbers_then_word                   [32mPASS[0m
  pretokenize_23_5_digits                            [32mPASS[0m
  pretokenize_24_6_digits                            [32mPASS[0m
  pretokenize_25_7_digits                            [32mPASS[0m
  pretokenize_26_9_digits                            [32mPASS[0m
  pretokenize_27_two_words                           [32mPASS[0m
  pretokenize_28_two_words_double_space              [32mPASS[0m
  pretokenize_29_two_words_triple_space              [32mPASS[0m
  pretokenize_30_leading_spaces                      [32mPASS[0m
  pretokenize_31_trailing_spaces                     [32mPASS[0m
  pretokenize_32_leading_and_trailing_spaces         [32mPASS[0m
  pretokenize_33_contraction_s                       [32mPASS[0m
  pretokenize_34_contraction_t                       [32mPASS[0m
  pretokenize_35_contraction_m                       [32mPASS[0m
  pretokenize_36_contraction_d                       [32mPASS[0m
  pretokenize_37_contraction_ll                      [32mPASS[0m
  pretokenize_38_contraction_ve                      [32mPASS[0m
  pretokenize_39_contraction_re                      [32mPASS[0m
  pretokenize_40_uppercase_contraction_S             [32mPASS[0m
  pretokenize_41_uppercase_contraction_LL            [32mPASS[0m
  pretokenize_42_word_with_contraction               [32mPASS[0m
  pretokenize_43_word_with_contraction_t             [32mPASS[0m
  pretokenize_44_I_am_contraction                    [32mPASS[0m
  pretokenize_45_we_will_contraction                 [32mPASS[0m
  pretokenize_46_they_have_contraction               [32mPASS[0m
  pretokenize_47_you_are_contraction                 [32mPASS[0m
  pretokenize_48_word_then_period                    [32mPASS[0m
  pretokenize_49_word_then_comma                     [32mPASS[0m
  pretokenize_50_word_then_exclamation               [32mPASS[0m
  pretokenize_51_word_then_question                  [32mPASS[0m
  pretokenize_52_word_then_ellipsis                  [32mPASS[0m
  pretokenize_53_word_then_multiple_questions        [32mPASS[0m
  pretokenize_54_word_in_parens                      [32mPASS[0m
  pretokenize_55_word_in_brackets                    [32mPASS[0m
  pretokenize_56_word_in_braces                      [32mPASS[0m
  pretokenize_57_word_in_angle_brackets              [32mPASS[0m
  pretokenize_58_dollar_amount                       [32mPASS[0m
  pretokenize_59_4_digit_dollar_amount               [32mPASS[0m
  pretokenize_60_dollar_with_comma                   [32mPASS[0m
  pretokenize_61_percentage                          [32mPASS[0m
  pretokenize_62_decimal_number                      [32mPASS[0m
  pretokenize_63_fraction                            [32mPASS[0m
  pretokenize_64_simple_math                         [32mPASS[0m
  pretokenize_65_multiplication                      [32mPASS[0m
  pretokenize_66_subtraction                         [32mPASS[0m
  pretokenize_67_division                            [32mPASS[0m
  pretokenize_68_space_then_plus                     [32mPASS[0m
  pretokenize_69_space_then_minus                    [32mPASS[0m
  pretokenize_70_space_then_asterisk                 [32mPASS[0m
  pretokenize_71_space_then_slash                    [32mPASS[0m
  pretokenize_72_space_then_at                       [32mPASS[0m
  pretokenize_73_space_then_hash                     [32mPASS[0m
  pretokenize_74_two_letters_with_newline            [32mPASS[0m
  pretokenize_75_two_letters_with_double_newline     [32mPASS[0m
  pretokenize_76_two_lines                           [32mPASS[0m
  pretokenize_77_crlf_line_ending                    [32mPASS[0m
  pretokenize_78_email_like                          [32mPASS[0m
  pretokenize_79_url_like                            [32mPASS[0m
  pretokenize_80_unix_path                           [32mPASS[0m
  pretokenize_81_windows_path                        [32mPASS[0m
  pretokenize_82_hello_world_punctuated              [32mPASS[0m
  pretokenize_83_pangram_start                       [32mPASS[0m
  pretokenize_84_math_expression                     [32mPASS[0m
  pretokenize_85_function_call                       [32mPASS[0m
  pretokenize_86_function_with_args                  [32mPASS[0m
  pretokenize_87_assignment                          [32mPASS[0m
  pretokenize_88_if_statement                        [32mPASS[0m
  pretokenize_89_single_cjk                          [32mPASS[0m
  pretokenize_90_two_cjk                             [32mPASS[0m
  pretokenize_91_three_cjk                           [32mPASS[0m
  pretokenize_92_hiragana                            [32mPASS[0m
  pretokenize_93_katakana                            [32mPASS[0m
  pretokenize_94_hangul                              [32mPASS[0m
  pretokenize_95_cyrillic                            [32mPASS[0m
  pretokenize_96_arabic                              [32mPASS[0m
  pretokenize_97_hebrew                              [32mPASS[0m
  pretokenize_98_mixed_ascii_cjk                     [32mPASS[0m
  pretokenize_99_cjk_then_ascii                      [32mPASS[0m
  pretokenize_100_ascii_cjk_ascii                    [32mPASS[0m
  pretokenize_101_mixed_whitespace_only              [32mPASS[0m
  pretokenize_102_letters_with_mixed_whitespace      [32mPASS[0m
  pretokenize_103_overlong_2_byte                    [32mPASS[0m
  pretokenize_104_BOM_like_invalid                   [32mPASS[0m
  pretokenize_105_full_pangram                       [32mPASS[0m
  pretokenize_106_another_pangram                    [32mPASS[0m
  pretokenize_107_third_pangram                      [32mPASS[0m

[1;34m=== History Generated Tests ===[0m
  history_add_1_messages                             [32mPASS[0m
  history_add_2_messages                             [32mPASS[0m
  history_add_3_messages                             [32mPASS[0m
  history_add_4_messages                             [32mPASS[0m
  history_add_5_messages                             [32mPASS[0m
  history_add_6_messages                             [32mPASS[0m
  history_add_7_messages                             [32mPASS[0m
  history_add_8_messages                             [32mPASS[0m
  history_add_9_messages                             [32mPASS[0m
  history_add_10_messages                            [32mPASS[0m
  history_add_11_messages                            [32mPASS[0m
  history_add_12_messages                            [32mPASS[0m
  history_add_13_messages                            [32mPASS[0m
  history_add_14_messages                            [32mPASS[0m
  history_add_15_messages                            [32mPASS[0m
  history_add_16_messages                            [32mPASS[0m
  history_add_17_messages                            [32mPASS[0m
  history_add_18_messages                            [32mPASS[0m
  history_add_19_messages                            [32mPASS[0m
  history_add_20_messages                            [32mPASS[0m
  history_add_21_messages                            [32mPASS[0m
  history_add_22_messages                            [32mPASS[0m
  history_add_23_messages                            [32mPASS[0m
  history_add_24_messages                            [32mPASS[0m
  history_add_25_messages                            [32mPASS[0m
  history_add_26_messages                            [32mPASS[0m
  history_add_27_messages                            [32mPASS[0m
  history_add_28_messages                            [32mPASS[0m
  history_add_29_messages                            [32mPASS[0m
  history_add_30_messages                            [32mPASS[0m
  history_add_31_messages                            [32mPASS[0m
  history_add_32_messages                            [32mPASS[0m
  history_add_33_messages                            [32mPASS[0m
  history_add_34_messages                            [32mPASS[0m
  history_add_35_messages                            [32mPASS[0m
  history_add_36_messages                            [32mPASS[0m
  history_add_37_messages                            [32mPASS[0m
  history_add_38_messages                            [32mPASS[0m
  history_add_39_messages                            [32mPASS[0m
  history_add_40_messages                            [32mPASS[0m
  history_add_41_messages                            [32mPASS[0m
  history_add_42_messages                            [32mPASS[0m
  history_add_43_messages                            [32mPASS[0m
  history_add_44_messages                            [32mPASS[0m
  history_add_45_messages                            [32mPASS[0m
  history_add_46_messages                            [32mPASS[0m
  history_add_47_messages                            [32mPASS[0m
  history_add_48_messages                            [32mPASS[0m
  history_add_49_messages                            [32mPASS[0m
  history_add_50_messages                            [32mPASS[0m
  history_add_51_messages                            [32mPASS[0m
  history_add_52_messages                            [32mPASS[0m
  history_add_53_messages                            [32mPASS[0m
  history_add_54_messages                            [32mPASS[0m
  history_add_55_messages                            [32mPASS[0m
  history_add_56_messages                            [32mPASS[0m
  history_add_57_messages                            [32mPASS[0m
  history_add_58_messages                            [32mPASS[0m
  history_add_59_messages                            [32mPASS[0m
  history_add_60_messages                            [32mPASS[0m
  history_add_61_messages                            [32mPASS[0m
  history_add_62_messages                            [32mPASS[0m
  history_add_63_messages                            [32mPASS[0m
  history_add_64_messages                            [32mPASS[0m
  history_add_65_messages                            [32mPASS[0m
  history_add_66_messages                            [32mPASS[0m
  history_add_67_messages                            [32mPASS[0m
  history_add_68_messages                            [32mPASS[0m
  history_add_69_messages                            [32mPASS[0m
  history_add_70_messages                            [32mPASS[0m
  history_add_71_messages                            [32mPASS[0m
  history_add_72_messages                            [32mPASS[0m
  history_add_73_messages                            [32mPASS[0m
  history_add_74_messages                            [32mPASS[0m
  history_add_75_messages                            [32mPASS[0m
  history_add_76_messages                            [32mPASS[0m
  history_add_77_messages                            [32mPASS[0m
  history_add_78_messages                            [32mPASS[0m
  history_add_79_messages                            [32mPASS[0m
  history_add_80_messages                            [32mPASS[0m
  history_add_81_messages                            [32mPASS[0m
  history_add_82_messages                            [32mPASS[0m
  history_add_83_messages                            [32mPASS[0m
  history_add_84_messages                            [32mPASS[0m
  history_add_85_messages                            [32mPASS[0m
  history_add_86_messages                            [32mPASS[0m
  history_add_87_messages                            [32mPASS[0m
  history_add_88_messages                            [32mPASS[0m
  history_add_89_messages                            [32mPASS[0m
  history_add_90_messages                            [32mPASS[0m
  history_add_91_messages                            [32mPASS[0m
  history_add_92_messages                            [32mPASS[0m
  history_add_93_messages                            [32mPASS[0m
  history_add_94_messages                            [32mPASS[0m
  history_add_95_messages                            [32mPASS[0m
  history_add_96_messages                            [32mPASS[0m
  history_add_97_messages                            [32mPASS[0m
  history_add_98_messages                            [32mPASS[0m
  history_add_99_messages                            [32mPASS[0m
  history_add_100_messages                           [32mPASS[0m
  history_delete_from_1_messages                     [32mPASS[0m
  history_delete_from_2_messages                     [32mPASS[0m
  history_delete_from_3_messages                     [32mPASS[0m
  history_delete_from_4_messages                     [32mPASS[0m
  history_delete_from_5_messages                     [32mPASS[0m
  history_delete_from_6_messages                     [32mPASS[0m
  history_delete_from_7_messages                     [32mPASS[0m
  history_delete_from_8_messages                     [32mPASS[0m
  history_delete_from_9_messages                     [32mPASS[0m
  history_delete_from_10_messages                    [32mPASS[0m
  history_delete_from_11_messages                    [32mPASS[0m
  history_delete_from_12_messages                    [32mPASS[0m
  history_delete_from_13_messages                    [32mPASS[0m
  history_delete_from_14_messages                    [32mPASS[0m
  history_delete_from_15_messages                    [32mPASS[0m
  history_delete_from_16_messages                    [32mPASS[0m
  history_delete_from_17_messages                    [32mPASS[0m
  history_delete_from_18_messages                    [32mPASS[0m
  history_delete_from_19_messages                    [32mPASS[0m
  history_delete_from_20_messages                    [32mPASS[0m
  history_swipes_1_per_message                       [32mPASS[0m
  history_swipes_2_per_message                       [32mPASS[0m
  history_swipes_3_per_message                       [32mPASS[0m
  history_swipes_4_per_message                       [32mPASS[0m
  history_swipes_5_per_message                       [32mPASS[0m
  history_swipes_6_per_message                       [32mPASS[0m
  history_swipes_7_per_message                       [32mPASS[0m
  history_swipes_8_per_message                       [32mPASS[0m
  history_swipes_9_per_message                       [32mPASS[0m
  history_swipes_10_per_message                      [32mPASS[0m
  history_swipes_11_per_message                      [32mPASS[0m
  history_swipes_12_per_message                      [32mPASS[0m
  history_swipes_13_per_message                      [32mPASS[0m
  history_swipes_14_per_message                      [32mPASS[0m
  history_swipes_15_per_message                      [32mPASS[0m
  history_swipes_16_per_message                      [32mPASS[0m
  history_update_all_messages                        [32mPASS[0m
  history_mixed_operations                           [32mPASS[0m

[1;34m=== Config Generated Tests ===[0m
  config_add_1_models                                [32mPASS[0m
  config_add_2_models                                [32mPASS[0m
  config_add_3_models                                [32mPASS[0m
  config_add_4_models                                [32mPASS[0m
  config_add_5_models                                [32mPASS[0m
  config_add_6_models                                [32mPASS[0m
  config_add_7_models                                [32mPASS[0m
  config_add_8_models                                [32mPASS[0m
  config_add_9_models                                [32mPASS[0m
  config_add_10_models                               [32mPASS[0m
  config_add_11_models                               [32mPASS[0m
  config_add_12_models                               [32mPASS[0m
  config_add_13_models                               [32mPASS[0m
  config_add_14_models                               [32mPASS[0m
  config_add_15_models                               [32mPASS[0m
  config_add_16_models                               [32mPASS[0m
  config_add_17_models                               [32mPASS[0m
  config_add_18_models                               [32mPASS[0m
  config_add_19_models                               [32mPASS[0m
  config_add_20_models                               [32mPASS[0m
  config_add_21_models                               [32mPASS[0m
  config_add_22_models                               [32mPASS[0m
  config_add_23_models                               [32mPASS[0m
  config_add_24_models                               [32mPASS[0m
  config_add_25_models                               [32mPASS[0m
  config_add_26_models                               [32mPASS[0m
  config_add_27_models                               [32mPASS[0m
  config_add_28_models                               [32mPASS[0m
  config_add_29_models                               [32mPASS[0m
  config_add_30_models                               [32mPASS[0m
  config_add_31_models                               [32mPASS[0m
  config_add_32_models                               [32mPASS[0m
  config_remove_all_1_models                         [32mPASS[0m
  config_remove_all_2_models                         [32mPASS[0m
  config_remove_all_3_models                         [32mPASS[0m
  config_remove_all_4_models                         [32mPASS[0m
  config_remove_all_5_models                         [32mPASS[0m
  config_remove_all_6_models                         [32mPASS[0m
  config_remove_all_7_models                         [32mPASS[0m
  config_remove_all_8_models                         [32mPASS[0m
  config_remove_all_9_models                         [32mPASS[0m
  config_remove_all_10_models                        [32mPASS[0m
  config_remove_all_11_models                        [32mPASS[0m
  config_remove_all_12_models                        [32mPASS[0m
  config_remove_all_13_models                        [32mPASS[0m
  config_remove_all_14_models                        [32mPASS[0m
  config_remove_all_15_models                        [32mPASS[0m
  config_remove_all_16_models                        [32mPASS[0m
  config_remove_all_17_models                        [32mPASS[0m
  config_remove_all_18_models                        [32mPASS[0m
  config_remove_all_19_models                        [32mPASS[0m
  config_remove_all_20_models                        [32mPASS[0m
  config_api_type_roundtrip                          [32mPASS[0m
  config_active_index_tracking                       [32mPASS[0m
  config_remove_updates_active                       [32mPASS[0m
  config_context_length_values                       [32mPASS[0m

[1;34m=== Sampler Generated Tests ===[0m
  sampler_gen_temperature_range                      [32mPASS[0m
  sampler_gen_top_p_range                            [32mPASS[0m
  sampler_gen_min_p_range                            [32mPASS[0m
  sampler_gen_typical_p_range                        [32mPASS[0m
  sampler_gen_tfs_range                              [32mPASS[0m
  sampler_gen_presence_penalty_range                 [32mPASS[0m
  sampler_gen_frequency_penalty_range                [32mPASS[0m
  sampler_gen_repetition_penalty_range               [32mPASS[0m
  sampler_gen_dynatemp_min_range                     [32mPASS[0m
  sampler_gen_dynatemp_max_range                     [32mPASS[0m
  sampler_gen_dynatemp_exponent_range                [32mPASS[0m
  sampler_gen_mirostat_tau_range                     [32mPASS[0m
  sampler_gen_mirostat_eta_range                     [32mPASS[0m
  sampler_gen_dry_multiplier_range                   [32mPASS[0m
  sampler_gen_dry_base_range                         [32mPASS[0m
  sampler_gen_xtc_probability_range                  [32mPASS[0m
  sampler_gen_xtc_threshold_range                    [32mPASS[0m
  sampler_gen_top_k_range                            [32mPASS[0m
  sampler_gen_add_1_custom                           [32mPASS[0m
  sampler_gen_add_2_custom                           [32mPASS[0m
  sampler_gen_add_3_custom                           [32mPASS[0m
  sampler_gen_add_4_custom                           [32mPASS[0m
  sampler_gen_add_5_custom                           [32mPASS[0m
  sampler_gen_add_6_custom                           [32mPASS[0m
  sampler_gen_add_7_custom                           [32mPASS[0m
  sampler_gen_add_8_custom                           [32mPASS[0m
  sampler_gen_add_9_custom                           [32mPASS[0m
  sampler_gen_add_10_custom                          [32mPASS[0m
  sampler_gen_add_11_custom                          [32mPASS[0m
  sampler_gen_add_12_custom                          [32mPASS[0m
  sampler_gen_add_13_custom                          [32mPASS[0m
  sampler_gen_add_14_custom                          [32mPASS[0m
  sampler_gen_add_15_custom                          [32mPASS[0m
  sampler_gen_add_16_custom                          [32mPASS[0m
  sampler_gen_add_17_custom                          [32mPASS[0m
  sampler_gen_add_18_custom                          [32mPASS[0m
  sampler_gen_add_19_custom                          [32mPASS[0m
  sampler_gen_add_20_custom                          [32mPASS[0m
  sampler_gen_add_21_custom                          [32mPASS[0m
  sampler_gen_add_22_custom                          [32mPASS[0m
  sampler_gen_add_23_custom                          [32mPASS[0m
  sampler_gen_add_24_custom                          [32mPASS[0m
  sampler_gen_add_25_custom                          [32mPASS[0m
  sampler_gen_add_26_custom                          [32mPASS[0m
  sampler_gen_add_27_custom                          [32mPASS[0m
  sampler_gen_add_28_custom                          [32mPASS[0m
  sampler_gen_add_29_custom                          [32mPASS[0m
  sampler_gen_add_30_custom                          [32mPASS[0m
  sampler_gen_add_31_custom                          [32mPASS[0m
  sampler_gen_add_32_custom                          [32mPASS[0m
  sampler_gen_add_33_custom                          [32mPASS[0m
  sampler_gen_add_34_custom                          [32mPASS[0m
  sampler_gen_add_35_custom                          [32mPASS[0m
  sampler_gen_add_36_custom                          [32mPASS[0m
  sampler_gen_add_37_custom                          [32mPASS[0m
  sampler_gen_add_38_custom                          [32mPASS[0m
  sampler_gen_add_39_custom                          [32mPASS[0m
  sampler_gen_add_40_custom                          [32mPASS[0m
  sampler_gen_add_41_custom                          [32mPASS[0m
  sampler_gen_add_42_custom                          [32mPASS[0m
  sampler_gen_add_43_custom                          [32mPASS[0m
  sampler_gen_add_44_custom                          [32mPASS[0m
  sampler_gen_add_45_custom                          [32mPASS[0m
  sampler_gen_add_46_custom                          [32mPASS[0m
  sampler_gen_add_47_custom                          [32mPASS[0m
  sampler_gen_add_48_custom                          [32mPASS[0m
  sampler_gen_add_49_custom                          [32mPASS[0m
  sampler_gen_add_50_custom                          [32mPASS[0m
  sampler_gen_add_51_custom                          [32mPASS[0m
  sampler_gen_add_52_custom                          [32mPASS[0m
  sampler_gen_add_53_custom                          [32mPASS[0m
  sampler_gen_add_54_custom                          [32mPASS[0m
  sampler_gen_add_55_custom                          [32mPASS[0m
  sampler_gen_add_56_custom                          [32mPASS[0m
  sampler_gen_add_57_custom                          [32mPASS[0m
  sampler_gen_add_58_custom                          [32mPASS[0m
  sampler_gen_add_59_custom                          [32mPASS[0m
  sampler_gen_add_60_custom                          [32mPASS[0m
  sampler_gen_add_61_custom                          [32mPASS[0m
  sampler_gen_add_62_custom                          [32mPASS[0m
  sampler_gen_add_63_custom                          [32mPASS[0m
  sampler_gen_add_64_custom                          [32mPASS[0m
  sampler_gen_custom_types_all                       [32mPASS[0m
  sampler_gen_remove_custom_all                      [32mPASS[0m
  sampler_gen_mirostat_modes                         [32mPASS[0m

[1;34m=== SIMD Generated Tests ===[0m
  simd_hash_len_0                                    [32mPASS[0m
  simd_hash_len_1                                    [32mPASS[0m
  simd_hash_len_2                                    [32mPASS[0m
  simd_hash_len_3                                    [32mPASS[0m
  simd_hash_len_4                                    [32mPASS[0m
  simd_hash_len_5                                    [32mPASS[0m
  simd_hash_len_6                                    [32mPASS[0m
  simd_hash_len_7                                    [32mPASS[0m
  simd_hash_len_8                                    [32mPASS[0m
  simd_hash_len_9                                    [32mPASS[0m
  simd_hash_len_10                                   [32mPASS[0m
  simd_hash_len_11                                   [32mPASS[0m
  simd_hash_len_12                                   [32mPASS[0m
  simd_hash_len_13                                   [32mPASS[0m
  simd_hash_len_14                                   [32mPASS[0m
  simd_hash_len_15                                   [32mPASS[0m
  simd_hash_len_16                                   [32mPASS[0m
  simd_hash_len_17                                   [32mPASS[0m
  simd_hash_len_18                                   [32mPASS[0m
  simd_hash_len_19                                   [32mPASS[0m
  simd_hash_len_20                                   [32mPASS[0m
  simd_hash_len_21                                   [32mPASS[0m
  simd_hash_len_22                                   [32mPASS[0m
  simd_hash_len_23                                   [32mPASS[0m
  simd_hash_len_24                                   [32mPASS[0m
  simd_hash_len_25                                   [32mPASS[0m
  simd_hash_len_26                                   [32mPASS[0m
  simd_hash_len_27                                   [32mPASS[0m
  simd_hash_len_28                                   [32mPASS[0m
  simd_hash_len_29                                   [32mPASS[0m
  simd_hash_len_30                                   [32mPASS[0m
  simd_hash_len_31                                   [32mPASS[0m
  simd_hash_len_32                                   [32mPASS[0m
  simd_hash_len_33                                   [32mPASS[0m
  simd_hash_len_34                                   [32mPASS[0m
  simd_hash_len_35                                   [32mPASS[0m
  simd_hash_len_36                                   [32mPASS[0m
  simd_hash_len_37                                   [32mPASS[0m
  simd_hash_len_38                                   [32mPASS[0m
  simd_hash_len_39                                   [32mPASS[0m
  simd_hash_len_40                                   [32mPASS[0m
  simd_hash_len_41                                   [32mPASS[0m
  simd_hash_len_42                                   [32mPASS[0m
  simd_hash_len_43                                   [32mPASS[0m
  simd_hash_len_44                                   [32mPASS[0m
  simd_hash_len_45                                   [32mPASS[0m
  simd_hash_len_46                                   [32mPASS[0m
  simd_hash_len_47                                   [32mPASS[0m
  simd_hash_len_48                                   [32mPASS[0m
  simd_hash_len_49                                   [32mPASS[0m
  simd_hash_len_50                                   [32mPASS[0m
  simd_hash_len_51                                   [32mPASS[0m
  simd_hash_len_52                                   [32mPASS[0m
  simd_hash_len_53                                   [32mPASS[0m
  simd_hash_len_54                                   [32mPASS[0m
  simd_hash_len_55                                   [32mPASS[0m
  simd_hash_len_56                                   [32mPASS[0m
  simd_hash_len_57                                   [32mPASS[0m
  simd_hash_len_58                                   [32mPASS[0m
  simd_hash_len_59                                   [32mPASS[0m
  simd_hash_len_60                                   [32mPASS[0m
  simd_hash_len_61                                   [32mPASS[0m
  simd_hash_len_62                                   [32mPASS[0m
  simd_hash_len_63                                   [32mPASS[0m
  simd_hash_len_64                                   [32mPASS[0m
  simd_hash_len_65                                   [32mPASS[0m
  simd_hash_len_66                                   [32mPASS[0m
  simd_hash_len_67                                   [32mPASS[0m
  simd_hash_len_68                                   [32mPASS[0m
  simd_hash_len_69                                   [32mPASS[0m
  simd_hash_len_70                                   [32mPASS[0m
  simd_hash_len_71                                   [32mPASS[0m
  simd_hash_len_72                                   [32mPASS[0m
  simd_hash_len_73                                   [32mPASS[0m
  simd_hash_len_74                                   [32mPASS[0m
  simd_hash_len_75                                   [32mPASS[0m
  simd_hash_len_76                                   [32mPASS[0m
  simd_hash_len_77                                   [32mPASS[0m
  simd_hash_len_78                                   [32mPASS[0m
  simd_hash_len_79                                   [32mPASS[0m
  simd_hash_len_80                                   [32mPASS[0m
  simd_hash_len_81                                   [32mPASS[0m
  simd_hash_len_82                                   [32mPASS[0m
  simd_hash_len_83                                   [32mPASS[0m
  simd_hash_len_84                                   [32mPASS[0m
  simd_hash_len_85                                   [32mPASS[0m
  simd_hash_len_86                                   [32mPASS[0m
  simd_hash_len_87                                   [32mPASS[0m
  simd_hash_len_88                                   [32mPASS[0m
  simd_hash_len_89                                   [32mPASS[0m
  simd_hash_len_90                                   [32mPASS[0m
  simd_hash_len_91                                   [32mPASS[0m
  simd_hash_len_92                                   [32mPASS[0m
  simd_hash_len_93                                   [32mPASS[0m
  simd_hash_len_94                                   [32mPASS[0m
  simd_hash_len_95                                   [32mPASS[0m
  simd_hash_len_96                                   [32mPASS[0m
  simd_hash_len_97                                   [32mPASS[0m
  simd_hash_len_98                                   [32mPASS[0m
  simd_hash_len_99                                   [32mPASS[0m
  simd_hash_len_100                                  [32mPASS[0m
  simd_hash_len_101                                  [32mPASS[0m
  simd_hash_len_102                                  [32mPASS[0m
  simd_hash_len_103                                  [32mPASS[0m
  simd_hash_len_104                                  [32mPASS[0m
  simd_hash_len_105                                  [32mPASS[0m
  simd_hash_len_106                                  [32mPASS[0m
  simd_hash_len_107                                  [32mPASS[0m
  simd_hash_len_108                                  [32mPASS[0m
  simd_hash_len_109                                  [32mPASS[0m
  simd_hash_len_110                                  [32mPASS[0m
  simd_hash_len_111                                  [32mPASS[0m
  simd_hash_len_112                                  [32mPASS[0m
  simd_hash_len_113                                  [32mPASS[0m
  simd_hash_len_114                                  [32mPASS[0m
  simd_hash_len_115                                  [32mPASS[0m
  simd_hash_len_116                                  [32mPASS[0m
  simd_hash_len_117                                  [32mPASS[0m
  simd_hash_len_118                                  [32mPASS[0m
  simd_hash_len_119                                  [32mPASS[0m
  simd_hash_len_120                                  [32mPASS[0m
  simd_hash_len_121                                  [32mPASS[0m
  simd_hash_len_122                                  [32mPASS[0m
  simd_hash_len_123                                  [32mPASS[0m
  simd_hash_len_124                                  [32mPASS[0m
  simd_hash_len_125                                  [32mPASS[0m
  simd_hash_len_126                                  [32mPASS[0m
  simd_hash_len_127                                  [32mPASS[0m
  simd_hash_len_128                                  [32mPASS[0m
  simd_find_non_ascii_all_ascii_len_1                [32mPASS[0m
  simd_find_non_ascii_first_non_ascii_len_1          [32mPASS[0m
  simd_find_non_ascii_last_non_ascii_len_1           [32mPASS[0m
  simd_find_non_ascii_all_ascii_len_2                [32mPASS[0m
  simd_find_non_ascii_first_non_ascii_len_2          [32mPASS[0m
  simd_find_non_ascii_last_non_ascii_len_2           [32mPASS[0m
  simd_find_non_ascii_all_ascii_len_3                [32mPASS[0m
  simd_find_non_ascii_first_non_ascii_len_3          [32mPASS[0m
  simd_find_non_ascii_last_non_ascii_len_3           [32mPASS[0m
  simd_find_non_ascii_all_ascii_len_4                [32mPASS[0m
  simd_find_non_ascii_first_non_ascii_len_4          [32mPASS[0m
  simd_find_non_ascii_last_non_ascii_len_4           [32mPASS[0m
  simd_find_non_ascii_all_ascii_len_5                [32mPASS[0m
  simd_find_non_ascii_first_non_ascii_len_5          [32mPASS[0m
  simd_find_non_ascii_last_non_ascii_len_5           [32mPASS[0m
  simd_find_non_ascii_all_ascii_len_6                [32mPASS[0m
  simd_find_non_ascii_first_non_ascii_len_6          [32mPASS[0m
  simd_find_non_ascii_last_non_ascii_len_6           [32mPASS[0m
  simd_find_non_ascii_all_ascii_len_7                [32mPASS[0m
  simd_find_non_ascii_first_non_ascii_len_7          [32mPASS[0m
  simd_find_non_ascii_last_non_ascii_len_7           [32mPASS[0m
  simd_find_non_ascii_all_ascii_len_8                [32mPASS[0m
  simd_find_non_ascii_first_non_ascii_len_8          [32mPASS[0m
  simd_find_non_ascii_last_non_ascii_len_8           [32mPASS[0m
  simd_find_non_ascii_all_ascii_len_9                [32mPASS[0m
  simd_find_non_ascii_first_non_ascii_len_9          [32mPASS[0m
  simd_find_non_ascii_last_non_ascii_len_9           [32mPASS[0m
  simd_find_non_ascii_all_ascii_len_10               [32mPASS[0m
  simd_find_non_ascii_first_non_ascii_len_10         [32mPASS[0m
  simd_find_non_ascii_last_non_ascii_len_10          [32mPASS[0m
  simd_find_non_ascii_all_ascii_len_11               [32mPASS[0m
  simd_find_non_ascii_first_non_ascii_len_11         [32mPASS[0m
  simd_find_non_ascii_last_non_ascii_len_11          [32mPASS[0m
  simd_find_non_ascii_all_ascii_len_12               [32mPASS[0m
  simd_find_non_ascii_first_non_ascii_len_12         [32mPASS[0m
  simd_find_non_ascii_last_non_ascii_len_12          [32mPASS[0m
  simd_find_non_ascii_all_ascii_len_13               [32mPASS[0m
  simd_find_non_ascii_first_non_ascii_len_13         [32mPASS[0m
  simd_find_non_ascii_last_non_ascii_len_13          [32mPASS[0m
  simd_find_non_ascii_all_ascii_len_14               [32mPASS[0m
  simd_find_non_ascii_first_non_ascii_len_14         [32mPASS[0m
  simd_find_non_ascii_last_non_ascii_len_14          [32mPASS[0m
  simd_find_non_ascii_all_ascii_len_15               [32mPASS[0m
  simd_find_non_ascii_first_non_ascii_len_15         [32mPASS[0m
  simd_find_non_ascii_last_non_ascii_len_15          [32mPASS[0m
  simd_find_non_ascii_all_ascii_len_16               [32mPASS[0m
  simd_find_non_ascii_first_non_ascii_len_16         [32mPASS[0m
  simd_find_non_ascii_last_non_ascii_len_16          [32mPASS[0m
  simd_find_non_ascii_all_ascii_len_17               [32mPASS[0m
  simd_find_non_ascii_first_non_ascii_len_17         [32mPASS[0m
  simd_find_non_ascii_last_non_ascii_len_17          [32mPASS[0m
  simd_find_non_ascii_all_ascii_len_18               [32mPASS[0m
  simd_find_non_ascii_first_non_ascii_len_18         [32mPASS[0m
  simd_find_non_ascii_last_non_ascii_len_18          [32mPASS[0m
  simd_find_non_ascii_all_ascii_len_19               [32mPASS[0m
  simd_find_non_ascii_first_non_ascii_len_19         [32mPASS[0m
  simd_find_non_ascii_last_non_ascii_len_19          [32mPASS[0m
  simd_find_non_ascii_all_ascii_len_20               [32mPASS[0m
  simd_find_non_ascii_first_non_ascii_len_20         [32mPASS[0m
  simd_find_non_ascii_last_non_ascii_len_20          [32mPASS[0m
  simd_find_non_ascii_all_ascii_len_21               [32mPASS[0m
  simd_find_non_ascii_first_non_ascii_len_21         [32mPASS[0m
  simd_find_non_ascii_last_non_ascii_len_21          [32mPASS[0m
  simd_find_non_ascii_all_ascii_len_22               [32mPASS[0m
  simd_find_non_ascii_first_non_ascii_len_22         [32mPASS[0m
  simd_find_non_ascii_last_non_ascii_len_22          [32mPASS[0m
  simd_find_non_ascii_all_ascii_len_23               [32mPASS[0m
  simd_find_non_ascii_first_non_ascii_len_23         [32mPASS[0m
  simd_find_non_ascii_last_non_ascii_len_23          [32mPASS[0m
  simd_find_non_ascii_all_ascii_len_24               [32mPASS[0m
  simd_find_non_ascii_first_non_ascii_len_24         [32mPASS[0m
  simd_find_non_ascii_last_non_ascii_len_24          [32mPASS[0m
  simd_find_non_ascii_all_ascii_len_25               [32mPASS[0m
  simd_find_non_ascii_first_non_ascii_len_25         [32mPASS[0m
  simd_find_non_ascii_last_non_ascii_len_25          [32mPASS[0m
  simd_find_non_ascii_all_ascii_len_26               [32mPASS[0m
  simd_find_non_ascii_first_non_ascii_len_26         [32mPASS[0m
  simd_find_non_ascii_last_non_ascii_len_26          [32mPASS[0m
  simd_find_non_ascii_all_ascii_len_27               [32mPASS[0m
  simd_find_non_ascii_first_non_ascii_len_27         [32mPASS[0m
  simd_find_non_ascii_last_non_ascii_len_27          [32mPASS[0m
  simd_find_non_ascii_all_ascii_len_28               [32mPASS[0m
  simd_find_non_ascii_first_non_ascii_len_28         [32mPASS[0m
  simd_find_non_ascii_last_non_ascii_len_28          [32mPASS[0m
  simd_find_non_ascii_all_ascii_len_29               [32mPASS[0m
  simd_find_non_ascii_first_non_ascii_len_29         [32mPASS[0m
  simd_find_non_ascii_last_non_ascii_len_29          [32mPASS[0m
  simd_find_non_ascii_all_ascii_len_30               [32mPASS[0m
  simd_find_non_ascii_first_non_ascii_len_30         [32mPASS[0m
  simd_find_non_ascii_last_non_ascii_len_30          [32mPASS[0m
  simd_find_non_ascii_all_ascii_len_31               [32mPASS[0m
  simd_find_non_ascii_first_non_ascii_len_31         [32mPASS[0m
  simd_find_non_ascii_last_non_ascii_len_31          [32mPASS[0m
  simd_find_non_ascii_all_ascii_len_32               [32mPASS[0m
  simd_find_non_ascii_first_non_ascii_len_32         [32mPASS[0m
  simd_find_non_ascii_last_non_ascii_len_32          [32mPASS[0m
  simd_find_non_ascii_all_ascii_len_33               [32mPASS[0m
  simd_find_non_ascii_first_non_ascii_len_33         [32mPASS[0m
  simd_find_non_ascii_last_non_ascii_len_33          [32mPASS[0m
  simd_find_non_ascii_all_ascii_len_34               [32mPASS[0m
  simd_find_non_ascii_first_non_ascii_len_34         [32mPASS[0m
  simd_find_non_ascii_last_non_ascii_len_34          [32mPASS[0m
  simd_find_non_ascii_all_ascii_len_35               [32mPASS[0m
  simd_find_non_ascii_first_non_ascii_len_35         [32mPASS[0m
  simd_find_non_ascii_last_non_ascii_len_35          [32mPASS[0m
  simd_find_non_ascii_all_ascii_len_36               [32mPASS[0m
  simd_find_non_ascii_first_non_ascii_len_36         [32mPASS[0m
  simd_find_non_ascii_last_non_ascii_len_36          [32mPASS[0m
  simd_find_non_ascii_all_ascii_len_37               [32mPASS[0m
  simd_find_non_ascii_first_non_ascii_len_37         [32mPASS[0m
  simd_find_non_ascii_last_non_ascii_len_37          [32mPASS[0m
  simd_find_non_ascii_all_ascii_len_38               [32mPASS[0m
  simd_find_non_ascii_first_non_ascii_len_38         [32mPASS[0m
  simd_find_non_ascii_last_non_ascii_len_38          [32mPASS[0m
  simd_find_non_ascii_all_ascii_len_39               [32mPASS[0m
  simd_find_non_ascii_first_non_ascii_len_39         [32mPASS[0m
  simd_find_non_ascii_last_non_ascii_len_39          [32mPASS[0m
  simd_find_non_ascii_all_ascii_len_40               [32mPASS[0m
  simd_find_non_ascii_first_non_ascii_len_40         [32mPASS[0m
  simd_find_non_ascii_last_non_ascii_len_40          [32mPASS[0m
  simd_find_non_ascii_all_ascii_len_41               [32mPASS[0m
  simd_find_non_ascii_first_non_ascii_len_41         [32mPASS[0m
  simd_find_non_ascii_last_non_ascii_len_41          [32mPASS[0m
  simd_find_non_ascii_all_ascii_len_42               [32mPASS[0m
  simd_find_non_ascii_first_non_ascii_len_42         [32mPASS[0m
  simd_find_non_ascii_last_non_ascii_len_42          [32mPASS[0m
  simd_find_non_ascii_all_ascii_len_43               [32mPASS[0m
  simd_find_non_ascii_first_non_ascii_len_43         [32mPASS[0m
  simd_find_non_ascii_last_non_ascii_len_43          [32mPASS[0m
  simd_find_non_ascii_all_ascii_len_44               [32mPASS[0m
  simd_find_non_ascii_first_non_ascii_len_44         [32mPASS[0m
  simd_find_non_ascii_last_non_ascii_len_44          [32mPASS[0m
  simd_find_non_ascii_all_ascii_len_45               [32mPASS[0m
  simd_find_non_ascii_first_non_ascii_len_45         [32mPASS[0m
  simd_find_non_ascii_last_non_ascii_len_45          [32mPASS[0m
  simd_find_non_ascii_all_ascii_len_46               [32mPASS[0m
  simd_find_non_ascii_first_non_ascii_len_46         [32mPASS[0m
  simd_find_non_ascii_last_non_ascii_len_46          [32mPASS[0m
  simd_find_non_ascii_all_ascii_len_47               [32mPASS[0m
  simd_find_non_ascii_first_non_ascii_len_47         [32mPASS[0m
  simd_find_non_ascii_last_non_ascii_len_47          [32mPASS[0m
  simd_find_non_ascii_all_ascii_len_48               [32mPASS[0m
  simd_find_non_ascii_first_non_ascii_len_48         [32mPASS[0m
  simd_find_non_ascii_last_non_ascii_len_48          [32mPASS[0m
  simd_find_non_ascii_all_ascii_len_49               [32mPASS[0m
  simd_find_non_ascii_first_non_ascii_len_49         [32mPASS[0m
  simd_find_non_ascii_last_non_ascii_len_49          [32mPASS[0m
  simd_find_non_ascii_all_ascii_len_50               [32mPASS[0m
  simd_find_non_ascii_first_non_ascii_len_50         [32mPASS[0m
  simd_find_non_ascii_last_non_ascii_len_50          [32mPASS[0m
  simd_find_non_ascii_all_ascii_len_51               [32mPASS[0m
  simd_find_non_ascii_first_non_ascii_len_51         [32mPASS[0m
  simd_find_non_ascii_last_non_ascii_len_51          [32mPASS[0m
  simd_find_non_ascii_all_ascii_len_52               [32mPASS[0m
  simd_find_non_ascii_first_non_ascii_len_52         [32mPASS[0m
  simd_find_non_ascii_last_non_ascii_len_52          [32mPASS[0m
  simd_find_non_ascii_all_ascii_len_53               [32mPASS[0m
  simd_find_non_ascii_first_non_ascii_len_53         [32mPASS[0m
  simd_find_non_ascii_last_non_ascii_len_53          [32mPASS[0m
  simd_find_non_ascii_all_ascii_len_54               [32mPASS[0m
  simd_find_non_ascii_first_non_ascii_len_54         [32mPASS[0m
  simd_find_non_ascii_last_non_ascii_len_54          [32mPASS[0m
  simd_find_non_ascii_all_ascii_len_55               [32mPASS[0m
  simd_find_non_ascii_first_non_ascii_len_55         [32mPASS[0m
  simd_find_non_ascii_last_non_ascii_len_55          [32mPASS[0m
  simd_find_non_ascii_all_ascii_len_56               [32mPASS[0m
  simd_find_non_ascii_first_non_ascii_len_56         [32mPASS[0m
  simd_find_non_ascii_last_non_ascii_len_56          [32mPASS[0m
  simd_find_non_ascii_all_ascii_len_57               [32mPASS[0m
  simd_find_non_ascii_first_non_ascii_len_57         [32mPASS[0m
  simd_find_non_ascii_last_non_ascii_len_57          [32mPASS[0m
  simd_find_non_ascii_all_ascii_len_58               [32mPASS[0m
  simd_find_non_ascii_first_non_ascii_len_58         [32mPASS[0m
  simd_find_non_ascii_last_non_ascii_len_58          [32mPASS[0m
  simd_find_non_ascii_all_ascii_len_59               [32mPASS[0m
  simd_find_non_ascii_first_non_ascii_len_59         [32mPASS[0m
  simd_find_non_ascii_last_non_ascii_len_59          [32mPASS[0m
  simd_find_non_ascii_all_ascii_len_60               [32mPASS[0m
  simd_find_non_ascii_first_non_ascii_len_60         [32mPASS[0m
  simd_find_non_ascii_last_non_ascii_len_60          [32mPASS[0m
  simd_find_non_ascii_all_ascii_len_61               [32mPASS[0m
  simd_find_non_ascii_first_non_ascii_len_61         [32mPASS[0m
  simd_find_non_ascii_last_non_ascii_len_61          [32mPASS[0m
  simd_find_non_ascii_all_ascii_len_62               [32mPASS[0m
  simd_find_non_ascii_first_non_ascii_len_62         [32mPASS[0m
  simd_find_non_ascii_last_non_ascii_len_62          [32mPASS[0m
  simd_find_non_ascii_all_ascii_len_63               [32mPASS[0m
  simd_find_non_ascii_first_non_ascii_len_63         [32mPASS[0m
  simd_find_non_ascii_last_non_ascii_len_63          [32mPASS[0m
  simd_find_non_ascii_all_ascii_len_64               [32mPASS[0m
  simd_find_non_ascii_first_non_ascii_len_64         [32mPASS[0m
  simd_find_non_ascii_last_non_ascii_len_64          [32mPASS[0m
  simd_count_utf8_chars_ascii_len_0                  [32mPASS[0m
  simd_count_utf8_chars_ascii_len_1                  [32mPASS[0m
  simd_count_utf8_chars_ascii_len_2                  [32mPASS[0m
  simd_count_utf8_chars_ascii_len_3                  [32mPASS[0m
  simd_count_utf8_chars_ascii_len_4                  [32mPASS[0m
  simd_count_utf8_chars_ascii_len_5                  [32mPASS[0m
  simd_count_utf8_chars_ascii_len_6                  [32mPASS[0m
  simd_count_utf8_chars_ascii_len_7                  [32mPASS[0m
  simd_count_utf8_chars_ascii_len_8                  [32mPASS[0m
  simd_count_utf8_chars_ascii_len_9                  [32mPASS[0m
  simd_count_utf8_chars_ascii_len_10                 [32mPASS[0m
  simd_count_utf8_chars_ascii_len_11                 [32mPASS[0m
  simd_count_utf8_chars_ascii_len_12                 [32mPASS[0m
  simd_count_utf8_chars_ascii_len_13                 [32mPASS[0m
  simd_count_utf8_chars_ascii_len_14                 [32mPASS[0m
  simd_count_utf8_chars_ascii_len_15                 [32mPASS[0m
  simd_count_utf8_chars_ascii_len_16                 [32mPASS[0m
  simd_count_utf8_chars_ascii_len_17                 [32mPASS[0m
  simd_count_utf8_chars_ascii_len_18                 [32mPASS[0m
  simd_count_utf8_chars_ascii_len_19                 [32mPASS[0m
  simd_count_utf8_chars_ascii_len_20                 [32mPASS[0m
  simd_count_utf8_chars_ascii_len_21                 [32mPASS[0m
  simd_count_utf8_chars_ascii_len_22                 [32mPASS[0m
  simd_count_utf8_chars_ascii_len_23                 [32mPASS[0m
  simd_count_utf8_chars_ascii_len_24                 [32mPASS[0m
  simd_count_utf8_chars_ascii_len_25                 [32mPASS[0m
  simd_count_utf8_chars_ascii_len_26                 [32mPASS[0m
  simd_count_utf8_chars_ascii_len_27                 [32mPASS[0m
  simd_count_utf8_chars_ascii_len_28                 [32mPASS[0m
  simd_count_utf8_chars_ascii_len_29                 [32mPASS[0m
  simd_count_utf8_chars_ascii_len_30                 [32mPASS[0m
  simd_count_utf8_chars_ascii_len_31                 [32mPASS[0m
  simd_count_utf8_chars_ascii_len_32                 [32mPASS[0m
  simd_count_utf8_chars_ascii_len_33                 [32mPASS[0m
  simd_count_utf8_chars_ascii_len_34                 [32mPASS[0m
  simd_count_utf8_chars_ascii_len_35                 [32mPASS[0m
  simd_count_utf8_chars_ascii_len_36                 [32mPASS[0m
  simd_count_utf8_chars_ascii_len_37                 [32mPASS[0m
  simd_count_utf8_chars_ascii_len_38                 [32mPASS[0m
  simd_count_utf8_chars_ascii_len_39                 [32mPASS[0m
  simd_count_utf8_chars_ascii_len_40                 [32mPASS[0m
  simd_count_utf8_chars_ascii_len_41                 [32mPASS[0m
  simd_count_utf8_chars_ascii_len_42                 [32mPASS[0m
  simd_count_utf8_chars_ascii_len_43                 [32mPASS[0m
  simd_count_utf8_chars_ascii_len_44                 [32mPASS[0m
  simd_count_utf8_chars_ascii_len_45                 [32mPASS[0m
  simd_count_utf8_chars_ascii_len_46                 [32mPASS[0m
  simd_count_utf8_chars_ascii_len_47                 [32mPASS[0m
  simd_count_utf8_chars_ascii_len_48                 [32mPASS[0m
  simd_count_utf8_chars_ascii_len_49                 [32mPASS[0m
  simd_count_utf8_chars_ascii_len_50                 [32mPASS[0m
  simd_count_utf8_chars_ascii_len_51                 [32mPASS[0m
  simd_count_utf8_chars_ascii_len_52                 [32mPASS[0m
  simd_count_utf8_chars_ascii_len_53                 [32mPASS[0m
  simd_count_utf8_chars_ascii_len_54                 [32mPASS[0m
  simd_count_utf8_chars_ascii_len_55                 [32mPASS[0m
  simd_count_utf8_chars_ascii_len_56                 [32mPASS[0m
  simd_count_utf8_chars_ascii_len_57                 [32mPASS[0m
  simd_count_utf8_chars_ascii_len_58                 [32mPASS[0m
  simd_count_utf8_chars_ascii_len_59                 [32mPASS[0m
  simd_count_utf8_chars_ascii_len_60                 [32mPASS[0m
  simd_count_utf8_chars_ascii_len_61                 [32mPASS[0m
  simd_count_utf8_chars_ascii_len_62                 [32mPASS[0m
  simd_count_utf8_chars_ascii_len_63                 [32mPASS[0m
  simd_count_utf8_chars_ascii_len_64                 [32mPASS[0m
  simd_match_ascii_letters_len_0                     [32mPASS[0m
  simd_match_ascii_letters_none_len_0                [32mPASS[0m
  simd_match_ascii_letters_len_1                     [32mPASS[0m
  simd_match_ascii_letters_none_len_1                [32mPASS[0m
  simd_match_ascii_letters_len_2                     [32mPASS[0m
  simd_match_ascii_letters_none_len_2                [32mPASS[0m
  simd_match_ascii_letters_len_3                     [32mPASS[0m
  simd_match_ascii_letters_none_len_3                [32mPASS[0m
  simd_match_ascii_letters_len_4                     [32mPASS[0m
  simd_match_ascii_letters_none_len_4                [32mPASS[0m
  simd_match_ascii_letters_len_5                     [32mPASS[0m
  simd_match_ascii_letters_none_len_5                [32mPASS[0m
  simd_match_ascii_letters_len_6                     [32mPASS[0m
  simd_match_ascii_letters_none_len_6                [32mPASS[0m
  simd_match_ascii_letters_len_7                     [32mPASS[0m
  simd_match_ascii_letters_none_len_7                [32mPASS[0m
  simd_match_ascii_letters_len_8                     [32mPASS[0m
  simd_match_ascii_letters_none_len_8                [32mPASS[0m
  simd_match_ascii_letters_len_9                     [32mPASS[0m
  simd_match_ascii_letters_none_len_9                [32mPASS[0m
  simd_match_ascii_letters_len_10                    [32mPASS[0m
  simd_match_ascii_letters_none_len_10               [32mPASS[0m
  simd_match_ascii_letters_len_11                    [32mPASS[0m
  simd_match_ascii_letters_none_len_11               [32mPASS[0m
  simd_match_ascii_letters_len_12                    [32mPASS[0m
  simd_match_ascii_letters_none_len_12               [32mPASS[0m
  simd_match_ascii_letters_len_13                    [32mPASS[0m
  simd_match_ascii_letters_none_len_13               [32mPASS[0m
  simd_match_ascii_letters_len_14                    [32mPASS[0m
  simd_match_ascii_letters_none_len_14               [32mPASS[0m
  simd_match_ascii_letters_len_15                    [32mPASS[0m
  simd_match_ascii_letters_none_len_15               [32mPASS[0m
  simd_match_ascii_letters_len_16                    [32mPASS[0m
  simd_match_ascii_letters_none_len_16               [32mPASS[0m
  simd_match_ascii_letters_len_17                    [32mPASS[0m
  simd_match_ascii_letters_none_len_17               [32mPASS[0m
  simd_match_ascii_letters_len_18                    [32mPASS[0m
  simd_match_ascii_letters_none_len_18               [32mPASS[0m
  simd_match_ascii_letters_len_19                    [32mPASS[0m
  simd_match_ascii_letters_none_len_19               [32mPASS[0m
  simd_match_ascii_letters_len_20                    [32mPASS[0m
  simd_match_ascii_letters_none_len_20               [32mPASS[0m
  simd_match_ascii_letters_len_21                    [32mPASS[0m
  simd_match_ascii_letters_none_len_21               [32mPASS[0m
  simd_match_ascii_letters_len_22                    [32mPASS[0m
  simd_match_ascii_letters_none_len_22               [32mPASS[0m
  simd_match_ascii_letters_len_23                    [32mPASS[0m
  simd_match_ascii_letters_none_len_23               [32mPASS[0m
  simd_match_ascii_letters_len_24                    [32mPASS[0m
  simd_match_ascii_letters_none_len_24               [32mPASS[0m
  simd_match_ascii_letters_len_25                    [32mPASS[0m
  simd_match_ascii_letters_none_len_25               [32mPASS[0m
  simd_match_ascii_letters_len_26                    [32mPASS[0m
  simd_match_ascii_letters_none_len_26               [32mPASS[0m
  simd_match_ascii_letters_len_27                    [32mPASS[0m
  simd_match_ascii_letters_none_len_27               [32mPASS[0m
  simd_match_ascii_letters_len_28                    [32mPASS[0m
  simd_match_ascii_letters_none_len_28               [32mPASS[0m
  simd_match_ascii_letters_len_29                    [32mPASS[0m
  simd_match_ascii_letters_none_len_29               [32mPASS[0m
  simd_match_ascii_letters_len_30                    [32mPASS[0m
  simd_match_ascii_letters_none_len_30               [32mPASS[0m
  simd_match_ascii_letters_len_31                    [32mPASS[0m
  simd_match_ascii_letters_none_len_31               [32mPASS[0m
  simd_match_ascii_letters_len_32                    [32mPASS[0m
  simd_match_ascii_letters_none_len_32               [32mPASS[0m
  simd_match_ascii_letters_len_33                    [32mPASS[0m
  simd_match_ascii_letters_none_len_33               [32mPASS[0m
  simd_match_ascii_letters_len_34                    [32mPASS[0m
  simd_match_ascii_letters_none_len_34               [32mPASS[0m
  simd_match_ascii_letters_len_35                    [32mPASS[0m
  simd_match_ascii_letters_none_len_35               [32mPASS[0m
  simd_match_ascii_letters_len_36                    [32mPASS[0m
  simd_match_ascii_letters_none_len_36               [32mPASS[0m
  simd_match_ascii_letters_len_37                    [32mPASS[0m
  simd_match_ascii_letters_none_len_37               [32mPASS[0m
  simd_match_ascii_letters_len_38                    [32mPASS[0m
  simd_match_ascii_letters_none_len_38               [32mPASS[0m
  simd_match_ascii_letters_len_39                    [32mPASS[0m
  simd_match_ascii_letters_none_len_39               [32mPASS[0m
  simd_match_ascii_letters_len_40                    [32mPASS[0m
  simd_match_ascii_letters_none_len_40               [32mPASS[0m
  simd_match_ascii_letters_len_41                    [32mPASS[0m
  simd_match_ascii_letters_none_len_41               [32mPASS[0m
  simd_match_ascii_letters_len_42                    [32mPASS[0m
  simd_match_ascii_letters_none_len_42               [32mPASS[0m
  simd_match_ascii_letters_len_43                    [32mPASS[0m
  simd_match_ascii_letters_none_len_43               [32mPASS[0m
  simd_match_ascii_letters_len_44                    [32mPASS[0m
  simd_match_ascii_letters_none_len_44               [32mPASS[0m
  simd_match_ascii_letters_len_45                    [32mPASS[0m
  simd_match_ascii_letters_none_len_45               [32mPASS[0m
  simd_match_ascii_letters_len_46                    [32mPASS[0m
  simd_match_ascii_letters_none_len_46               [32mPASS[0m
  simd_match_ascii_letters_len_47                    [32mPASS[0m
  simd_match_ascii_letters_none_len_47               [32mPASS[0m
  simd_match_ascii_letters_len_48                    [32mPASS[0m
  simd_match_ascii_letters_none_len_48               [32mPASS[0m
  simd_match_ascii_letters_len_49                    [32mPASS[0m
  simd_match_ascii_letters_none_len_49               [32mPASS[0m
  simd_match_ascii_letters_len_50                    [32mPASS[0m
  simd_match_ascii_letters_none_len_50               [32mPASS[0m
  simd_match_ascii_letters_len_51                    [32mPASS[0m
  simd_match_ascii_letters_none_len_51               [32mPASS[0m
  simd_match_ascii_letters_len_52                    [32mPASS[0m
  simd_match_ascii_letters_none_len_52               [32mPASS[0m
  simd_match_ascii_letters_len_53                    [32mPASS[0m
  simd_match_ascii_letters_none_len_53               [32mPASS[0m
  simd_match_ascii_letters_len_54                    [32mPASS[0m
  simd_match_ascii_letters_none_len_54               [32mPASS[0m
  simd_match_ascii_letters_len_55                    [32mPASS[0m
  simd_match_ascii_letters_none_len_55               [32mPASS[0m
  simd_match_ascii_letters_len_56                    [32mPASS[0m
  simd_match_ascii_letters_none_len_56               [32mPASS[0m
  simd_match_ascii_letters_len_57                    [32mPASS[0m
  simd_match_ascii_letters_none_len_57               [32mPASS[0m
  simd_match_ascii_letters_len_58                    [32mPASS[0m
  simd_match_ascii_letters_none_len_58               [32mPASS[0m
  simd_match_ascii_letters_len_59                    [32mPASS[0m
  simd_match_ascii_letters_none_len_59               [32mPASS[0m
  simd_match_ascii_letters_len_60                    [32mPASS[0m
  simd_match_ascii_letters_none_len_60               [32mPASS[0m
  simd_match_ascii_letters_len_61                    [32mPASS[0m
  simd_match_ascii_letters_none_len_61               [32mPASS[0m
  simd_match_ascii_letters_len_62                    [32mPASS[0m
  simd_match_ascii_letters_none_len_62               [32mPASS[0m
  simd_match_ascii_letters_len_63                    [32mPASS[0m
  simd_match_ascii_letters_none_len_63               [32mPASS[0m
  simd_match_ascii_letters_len_64                    [32mPASS[0m
  simd_match_ascii_letters_none_len_64               [32mPASS[0m
  simd_is_all_ascii_exhaustive                       [32mPASS[0m
  simd_argmin_u32_exhaustive                         [32mPASS[0m

[1;34m=== Macro Generated Tests ===[0m
  macro_gen_single_0                                 [32mPASS[0m
  macro_gen_single_1                                 [32mPASS[0m
  macro_gen_single_2                                 [32mPASS[0m
  macro_gen_single_3                                 [32mPASS[0m
  macro_gen_single_4                                 [32mPASS[0m
  macro_gen_single_5                                 [32mPASS[0m
  macro_gen_single_6                                 [32mPASS[0m
  macro_gen_single_7                                 [32mPASS[0m
  macro_gen_pair_0_0                                 [32mPASS[0m
  macro_gen_pair_0_1                                 [32mPASS[0m
  macro_gen_pair_0_2                                 [32mPASS[0m
  macro_gen_pair_0_3                                 [32mPASS[0m
  macro_gen_pair_0_4                                 [32mPASS[0m
  macro_gen_pair_0_5                                 [32mPASS[0m
  macro_gen_pair_0_6                                 [32mPASS[0m
  macro_gen_pair_0_7                                 [32mPASS[0m
  macro_gen_pair_1_0                                 [32mPASS[0m
  macro_gen_pair_1_1                                 [32mPASS[0m
  macro_gen_pair_1_2                                 [32mPASS[0m
  macro_gen_pair_1_3                                 [32mPASS[0m
  macro_gen_pair_1_4                                 [32mPASS[0m
  macro_gen_pair_1_5                                 [32mPASS[0m
  macro_gen_pair_1_6                                 [32mPASS[0m
  macro_gen_pair_1_7                                 [32mPASS[0m
  macro_gen_pair_2_0                                 [32mPASS[0m
  macro_gen_pair_2_1                                 [32mPASS[0m
  macro_gen_pair_2_2                                 [32mPASS[0m
  macro_gen_pair_2_3                                 [32mPASS[0m
  macro_gen_pair_2_4                                 [32mPASS[0m
  macro_gen_pair_2_5                                 [32mPASS[0m
  macro_gen_pair_2_6                                 [32mPASS[0m
  macro_gen_pair_2_7                                 [32mPASS[0m
  macro_gen_pair_3_0                                 [32mPASS[0m
  macro_gen_pair_3_1                                 [32mPASS[0m
  macro_gen_pair_3_2                                 [32mPASS[0m
  macro_gen_pair_3_3                                 [32mPASS[0m
  macro_gen_pair_3_4                                 [32mPASS[0m
  macro_gen_pair_3_5                                 [32mPASS[0m
  macro_gen_pair_3_6                                 [32mPASS[0m
  macro_gen_pair_3_7                                 [32mPASS[0m
  macro_gen_pair_4_0                                 [32mPASS[0m
  macro_gen_pair_4_1                                 [32mPASS[0m
  macro_gen_pair_4_2                                 [32mPASS[0m
  macro_gen_pair_4_3                                 [32mPASS[0m
  macro_gen_pair_4_4                                 [32mPASS[0m
  macro_gen_pair_4_5                                 [32mPASS[0m
  macro_gen_pair_4_6                                 [32mPASS[0m
  macro_gen_pair_4_7                                 [32mPASS[0m
  macro_gen_pair_5_0                                 [32mPASS[0m
  macro_gen_pair_5_1                                 [32mPASS[0m
  macro_gen_pair_5_2                                 [32mPASS[0m
  macro_gen_pair_5_3                                 [32mPASS[0m
  macro_gen_pair_5_4                                 [32mPASS[0m
  macro_gen_pair_5_5                                 [32mPASS[0m
  macro_gen_pair_5_6                                 [32mPASS[0m
  macro_gen_pair_5_7                                 [32mPASS[0m
  macro_gen_pair_6_0                                 [32mPASS[0m
  macro_gen_pair_6_1                                 [32mPASS[0m
  macro_gen_pair_6_2                                 [32mPASS[0m
  macro_gen_pair_6_3                                 [32mPASS[0m
  macro_gen_pair_6_4                                 [32mPASS[0m
  macro_gen_pair_6_5                                 [32mPASS[0m
  macro_gen_pair_6_6                                 [32mPASS[0m
  macro_gen_pair_6_7                                 [32mPASS[0m
  macro_gen_pair_7_0                                 [32mPASS[0m
  macro_gen_pair_7_1                                 [32mPASS[0m
  macro_gen_pair_7_2                                 [32mPASS[0m
  macro_gen_pair_7_3                                 [32mPASS[0m
  macro_gen_pair_7_4                                 [32mPASS[0m
  macro_gen_pair_7_5                                 [32mPASS[0m
  macro_gen_pair_7_6                                 [32mPASS[0m
  macro_gen_pair_7_7                                 [32mPASS[0m
  macro_gen_repeated_1                               [32mPASS[0m
  macro_gen_repeated_2                               [32mPASS[0m
  macro_gen_repeated_3                               [32mPASS[0m
  macro_gen_repeated_4                               [32mPASS[0m
  macro_gen_repeated_5                               [32mPASS[0m
  macro_gen_repeated_6                               [32mPASS[0m
  macro_gen_repeated_7                               [32mPASS[0m
  macro_gen_repeated_8                               [32mPASS[0m
  macro_gen_repeated_9                               [32mPASS[0m
  macro_gen_repeated_10                              [32mPASS[0m
  macro_gen_char_name_0                              [32mPASS[0m
  macro_gen_user_name_0                              [32mPASS[0m
  macro_gen_char_name_1                              [32mPASS[0m
  macro_gen_user_name_1                              [32mPASS[0m
  macro_gen_char_name_2                              [32mPASS[0m
  macro_gen_user_name_2                              [32mPASS[0m
  macro_gen_char_name_3                              [32mPASS[0m
  macro_gen_user_name_3                              [32mPASS[0m
  macro_gen_char_name_4                              [32mPASS[0m
  macro_gen_user_name_4                              [32mPASS[0m
  macro_gen_char_name_5                              [32mPASS[0m
  macro_gen_user_name_5                              [32mPASS[0m
  macro_gen_char_name_6                              [32mPASS[0m
  macro_gen_user_name_6                              [32mPASS[0m
  macro_gen_no_macros_long                           [32mPASS[0m
  macro_gen_mixed_text_macros                        [32mPASS[0m
  macro_gen_null_input                               [32mPASS[0m
  macro_gen_null_char_name                           [32mPASS[0m
  macro_gen_null_user_name                           [32mPASS[0m
  macro_gen_empty_input                              [32mPASS[0m

[1;34m=== Edge Case Generated Tests ===[0m
  edge_utf8_sequence_len_0                           [32mPASS[0m
  edge_utf8_sequence_len_1                           [32mPASS[0m
  edge_utf8_sequence_len_2                           [32mPASS[0m
  edge_utf8_sequence_len_3                           [32mPASS[0m
  edge_utf8_sequence_len_4                           [32mPASS[0m
  edge_utf8_sequence_len_5                           [32mPASS[0m
  edge_utf8_sequence_len_6                           [32mPASS[0m
  edge_utf8_sequence_len_7                           [32mPASS[0m
  edge_utf8_sequence_len_8                           [32mPASS[0m
  edge_utf8_sequence_len_9                           [32mPASS[0m
  edge_utf8_sequence_len_10                          [32mPASS[0m
  edge_utf8_sequence_len_11                          [32mPASS[0m
  edge_utf8_sequence_len_12                          [32mPASS[0m
  edge_utf8_sequence_len_13                          [32mPASS[0m
  edge_utf8_sequence_len_14                          [32mPASS[0m
  edge_utf8_sequence_len_15                          [32mPASS[0m
  edge_utf8_sequence_len_16                          [32mPASS[0m
  edge_utf8_sequence_len_17                          [32mPASS[0m
  edge_utf8_sequence_len_18                          [32mPASS[0m
  edge_utf8_sequence_len_19                          [32mPASS[0m
  edge_utf8_sequence_len_20                          [32mPASS[0m
  edge_utf8_sequence_len_21                          [32mPASS[0m
  edge_utf8_sequence_len_22                          [32mPASS[0m
  edge_utf8_sequence_len_23                          [32mPASS[0m
  edge_utf8_sequence_len_24                          [32mPASS[0m
  edge_utf8_sequence_len_25                          [32mPASS[0m
  edge_utf8_sequence_len_26                          [32mPASS[0m
  edge_utf8_sequence_len_27                          [32mPASS[0m
  edge_utf8_sequence_len_28                          [32mPASS[0m
  edge_utf8_sequence_len_29                          [32mPASS[0m
  edge_utf8_sequence_len_30                          [32mPASS[0m
  edge_utf8_sequence_len_31                          [32mPASS[0m
  edge_utf8_sequence_len_32                          [32mPASS[0m
  edge_utf8_sequence_len_33                          [32mPASS[0m
  edge_utf8_sequence_len_34                          [32mPASS[0m
  edge_utf8_sequence_len_35                          [32mPASS[0m
  edge_utf8_sequence_len_36                          [32mPASS[0m
  edge_utf8_sequence_len_37                          [32mPASS[0m
  edge_utf8_sequence_len_38                          [32mPASS[0m
  edge_utf8_sequence_len_39                          [32mPASS[0m
  edge_utf8_sequence_len_40                          [32mPASS[0m
  edge_utf8_sequence_len_41                          [32mPASS[0m
  edge_utf8_sequence_len_42                          [32mPASS[0m
  edge_utf8_sequence_len_43                          [32mPASS[0m
  edge_utf8_sequence_len_44                          [32mPASS[0m
  edge_utf8_sequence_len_45                          [32mPASS[0m
  edge_utf8_sequence_len_46                          [32mPASS[0m
  edge_utf8_sequence_len_47                          [32mPASS[0m
  edge_utf8_sequence_len_48                          [32mPASS[0m
  edge_utf8_sequence_len_49                          [32mPASS[0m
  edge_utf8_sequence_len_50                          [32mPASS[0m
  edge_utf8_sequence_len_51                          [32mPASS[0m
  edge_utf8_sequence_len_52                          [32mPASS[0m
  edge_utf8_sequence_len_53                          [32mPASS[0m
  edge_utf8_sequence_len_54                          [32mPASS[0m
  edge_utf8_sequence_len_55                          [32mPASS[0m
  edge_utf8_sequence_len_56                          [32mPASS[0m
  edge_utf8_sequence_len_57                          [32mPASS[0m
  edge_utf8_sequence_len_58                          [32mPASS[0m
  edge_utf8_sequence_len_59                          [32mPASS[0m
  edge_utf8_sequence_len_60                          [32mPASS[0m
  edge_utf8_sequence_len_61                          [32mPASS[0m
  edge_utf8_sequence_len_62                          [32mPASS[0m
  edge_utf8_sequence_len_63                          [32mPASS[0m
  edge_utf8_sequence_len_64                          [32mPASS[0m
  edge_utf8_leading_byte_0xC0                        [32mPASS[0m
  edge_utf8_leading_byte_0xC1                        [32mPASS[0m
  edge_utf8_leading_byte_0xC2                        [32mPASS[0m
  edge_utf8_leading_byte_0xC3                        [32mPASS[0m
  edge_utf8_leading_byte_0xC4                        [32mPASS[0m
  edge_utf8_leading_byte_0xC5                        [32mPASS[0m
  edge_utf8_leading_byte_0xC6                        [32mPASS[0m
  edge_utf8_leading_byte_0xC7                        [32mPASS[0m
  edge_utf8_leading_byte_0xC8                        [32mPASS[0m
  edge_utf8_leading_byte_0xC9                        [32mPASS[0m
  edge_utf8_leading_byte_0xCA                        [32mPASS[0m
  edge_utf8_leading_byte_0xCB                        [32mPASS[0m
  edge_utf8_leading_byte_0xCC                        [32mPASS[0m
  edge_utf8_leading_byte_0xCD                        [32mPASS[0m
  edge_utf8_leading_byte_0xCE                        [32mPASS[0m
  edge_utf8_leading_byte_0xCF                        [32mPASS[0m
  edge_utf8_leading_byte_0xD0                        [32mPASS[0m
  edge_utf8_leading_byte_0xD1                        [32mPASS[0m
  edge_utf8_leading_byte_0xD2                        [32mPASS[0m
  edge_utf8_leading_byte_0xD3                        [32mPASS[0m
  edge_utf8_leading_byte_0xD4                        [32mPASS[0m
  edge_utf8_leading_byte_0xD5                        [32mPASS[0m
  edge_utf8_leading_byte_0xD6                        [32mPASS[0m
  edge_utf8_leading_byte_0xD7                        [32mPASS[0m
  edge_utf8_leading_byte_0xD8                        [32mPASS[0m
  edge_utf8_leading_byte_0xD9                        [32mPASS[0m
  edge_utf8_leading_byte_0xDA                        [32mPASS[0m
  edge_utf8_leading_byte_0xDB                        [32mPASS[0m
  edge_utf8_leading_byte_0xDC                        [32mPASS[0m
  edge_utf8_leading_byte_0xDD                        [32mPASS[0m
  edge_utf8_leading_byte_0xDE                        [32mPASS[0m
  edge_utf8_leading_byte_0xDF                        [32mPASS[0m
  edge_utf8_leading_byte_0xE0                        [32mPASS[0m
  edge_utf8_leading_byte_0xE1                        [32mPASS[0m
  edge_utf8_leading_byte_0xE2                        [32mPASS[0m
  edge_utf8_leading_byte_0xE3                        [32mPASS[0m
  edge_utf8_leading_byte_0xE4                        [32mPASS[0m
  edge_utf8_leading_byte_0xE5                        [32mPASS[0m
  edge_utf8_leading_byte_0xE6                        [32mPASS[0m
  edge_utf8_leading_byte_0xE7                        [32mPASS[0m
  edge_utf8_leading_byte_0xE8                        [32mPASS[0m
  edge_utf8_leading_byte_0xE9                        [32mPASS[0m
  edge_utf8_leading_byte_0xEA                        [32mPASS[0m
  edge_utf8_leading_byte_0xEB                        [32mPASS[0m
  edge_utf8_leading_byte_0xEC                        [32mPASS[0m
  edge_utf8_leading_byte_0xED                        [32mPASS[0m
  edge_utf8_leading_byte_0xEE                        [32mPASS[0m
  edge_utf8_leading_byte_0xEF                        [32mPASS[0m
  edge_utf8_leading_byte_0xF0                        [32mPASS[0m
  edge_utf8_leading_byte_0xF1                        [32mPASS[0m
  edge_utf8_leading_byte_0xF2                        [32mPASS[0m
  edge_utf8_leading_byte_0xF3                        [32mPASS[0m
  edge_utf8_leading_byte_0xF4                        [32mPASS[0m
  edge_utf8_leading_byte_0xF5                        [32mPASS[0m
  edge_utf8_leading_byte_0xF6                        [32mPASS[0m
  edge_utf8_leading_byte_0xF7                        [32mPASS[0m
  edge_utf8_leading_byte_0xF8                        [32mPASS[0m
  edge_utf8_leading_byte_0xF9                        [32mPASS[0m
  edge_utf8_leading_byte_0xFA                        [32mPASS[0m
  edge_utf8_leading_byte_0xFB                        [32mPASS[0m
  edge_utf8_leading_byte_0xFC                        [32mPASS[0m
  edge_utf8_leading_byte_0xFD                        [32mPASS[0m
  edge_utf8_leading_byte_0xFE                        [32mPASS[0m
  edge_utf8_leading_byte_0xFF                        [32mPASS[0m
  edge_history_100_messages                          [32mPASS[0m
  edge_history_swipe_stress                          [32mPASS[0m
  edge_history_interleaved_ops                       [32mPASS[0m
  edge_config_max_models                             [32mPASS[0m
  edge_config_set_active_boundary                    [32mPASS[0m
  edge_pretokenize_unicode_mix                       [32mPASS[0m
  edge_pretokenize_special_chars                     [32mPASS[0m
  edge_pretokenize_spaces_1                          [32mPASS[0m
  edge_pretokenize_digits_1                          [32mPASS[0m
  edge_pretokenize_spaces_11                         [32mPASS[0m
  edge_pretokenize_digits_11                         [32mPASS[0m
  edge_pretokenize_spaces_21                         [32mPASS[0m
  edge_pretokenize_digits_21                         [32mPASS[0m
  edge_pretokenize_spaces_31                         [32mPASS[0m
  edge_pretokenize_digits_31                         [32mPASS[0m
  edge_pretokenize_spaces_41                         [32mPASS[0m
  edge_pretokenize_digits_41                         [32mPASS[0m
  edge_pretokenize_spaces_51                         [32mPASS[0m
  edge_pretokenize_digits_51                         [32mPASS[0m
  edge_pretokenize_spaces_61                         [32mPASS[0m
  edge_pretokenize_digits_61                         [32mPASS[0m
  edge_pretokenize_spaces_71                         [32mPASS[0m
  edge_pretokenize_digits_71                         [32mPASS[0m
  edge_pretokenize_spaces_81                         [32mPASS[0m
  edge_pretokenize_digits_81                         [32mPASS[0m
  edge_pretokenize_spaces_91                         [32mPASS[0m
  edge_pretokenize_digits_91                         [32mPASS[0m
  edge_api_type_all_values                           [32mPASS[0m
  edge_api_type_invalid_names                        [32mPASS[0m

[1;33m>>> Property-Based Tests <<<[0m

[1;34m=== Property-Based Tests ===[0m
  property_utf8_encode_decode_roundtrip              [32mPASS[0m
  property_unicode_letter_implies_not_number_whitespace [32mPASS[0m
  property_pretokenize_covers_all_input              [32mPASS[0m
  property_pretokenize_spans_are_contiguous          [32mPASS[0m
  property_pretokenize_utf8_input                    [32mPASS[0m
  property_hash_deterministic                        [32mPASS[0m
  property_hash_different_for_different_inputs       [32mPASS[0m
  property_base64_known_values                       [32mPASS[0m

[1;33m>>> Boundary Tests <<<[0m

[1;34m=== Boundary Tests ===[0m
  boundary_history_empty_message                     [32mPASS[0m
  boundary_history_null_message                      [32mPASS[0m
  boundary_history_very_long_message                 [32mPASS[0m
  boundary_history_unicode_message                   [32mPASS[0m
  boundary_history_binary_data                       [32mPASS[0m
  boundary_history_max_swipes                        [32mPASS[0m
  boundary_history_index_overflow                    [32mPASS[0m
  boundary_config_empty_name                         [32mPASS[0m
  boundary_config_max_name_length                    [32mPASS[0m
  boundary_config_zero_context_length                [32mPASS[0m
  boundary_config_negative_context_length            [32mPASS[0m
  boundary_config_max_models                         [32mPASS[0m
  boundary_macro_empty_pattern                       [32mPASS[0m
  boundary_macro_very_long_replacement               [32mPASS[0m
  boundary_sampler_extreme_values                    [32mPASS[0m
  boundary_sampler_negative_values                   [32mPASS[0m
  boundary_sampler_max_values                        [32mPASS[0m
  boundary_utf8_invalid_sequences                    [32mPASS[0m
  boundary_utf8_max_codepoint                        [32mPASS[0m
  boundary_utf8_invalid_codepoint                    [32mPASS[0m

[1;33m>>> Stress Tests <<<[0m

[1;34m=== Stress Tests ===[0m
  stress_history_rapid_add_delete                    [32mPASS[0m
  stress_history_swipe_operations                    [32mPASS[0m
  stress_config_add_remove                           [32mPASS[0m
  stress_tokenizer_encode_decode                     [32mPASS[0m
  stress_gpt2bpe_encode_decode                       [32mPASS[0m
  stress_memory_churn                                [32mPASS[0m
  stress_concurrent_like_access                      [32mPASS[0m
  stress_hash_collisions                             [32mPASS[0m
  stress_utf8_processing                             [32mPASS[0m

[1;33m>>> Integration Tests <<<[0m

[1;34m=== Chat Integration ===[0m
  chat_save_and_load_roundtrip                       [32mPASS[0m
  chat_list_load_empty                               [32mPASS[0m
  chat_list_after_save                               [32mPASS[0m
  chat_delete_removes_chat                           [32mPASS[0m
  chat_generate_id_not_null                          [32mPASS[0m
  chat_auto_title_from_first_message                 [32mPASS[0m
  chat_find_by_title_works                           [32mPASS[0m
  chat_save_with_swipes                              [32mPASS[0m
  chat_sanitize_dirname_special_chars                [32mPASS[0m
  chat_character_list_load_empty                     [32mPASS[0m

[1;34m=== Config Integration ===[0m
  config_save_and_load_models                        [32mPASS[0m
  config_load_empty_returns_true                     [32mPASS[0m
  config_ensure_dir_creates_directory                [32mPASS[0m
  config_save_settings                               [32mPASS[0m
  config_special_characters_in_values                [32mPASS[0m
  config_many_models                                 [32mPASS[0m

[1;34m=== Persona Integration ===[0m
  persona_save_and_load                              [32mPASS[0m
  persona_load_default_when_missing                  [32mPASS[0m
  persona_set_name_truncates                         [32mPASS[0m
  persona_set_description_long                       [32mPASS[0m
  persona_special_characters                         [32mPASS[0m
  persona_null_safety                                [32mPASS[0m
  persona_empty_values                               [32mPASS[0m

[1;34m=== Tokenizer Integration ===[0m
  tiktoken_load_cl100k                               [32mPASS[0m
  tiktoken_encode_decode_roundtrip                   [32mPASS[0m
  tiktoken_encode_unicode                            [32mPASS[0m
  tiktoken_encode_emoji                              [32mPASS[0m
  tiktoken_count_tokens                              [32mPASS[0m
  tiktoken_o200k_load                                [32mPASS[0m
  gpt2bpe_load_llama3                                [32mPASS[0m
  gpt2bpe_encode_decode_roundtrip                    [32mPASS[0m
  gpt2bpe_encode_unicode                             [32mPASS[0m
  gpt2bpe_load_qwen3                                 [32mPASS[0m
  tokenizer_empty_string                             [32mPASS[0m
  tokenizer_very_long_text                           [32mPASS[0m
  tokenizer_special_whitespace                       [32mPASS[0m

[1;36m=== Test Summary ===[0m
  Total:  1436
  [32mPassed: 1435[0m
  [31mFailed: 1[0m

[1;31mSome tests failed![0m

  Time: 3.078 seconds
make: *** [test] Error 1
